// Vitest Snapshot v1

exports[`transformer > funcClass 1`] = `[]`;
